[0;36mafl-fuzz [1;97m2.52b[0m by <lcamtuf@google.com>
[1;92m[+] [0mLooks like we're not running on a tty, so I'll be a bit less verbose.[0m
[1;92m[+] [0mYou have 12 CPU cores and 5 runnable tasks (utilization: 42%).[0m
[1;92m[+] [0mTry parallel jobs - see docs/parallel_fuzzing.txt.[0m
[1;93m[!] [1;97mWARNING: [0mNot binding to a CPU core (AFL_NO_AFFINITY set).[0m
[1;94m[*] [0mChecking core_pattern...[0m

[1;91m[-] [0mHmm, your system is configured to send core dump notifications to an
    external utility. This will cause issues: there will be an extended delay
    between stumbling upon a crash and having this information relayed to the
    fuzzer via the standard waitpid() API.

    To avoid having crashes misinterpreted as timeouts, please log in as root
    and temporarily modify /proc/sys/kernel/core_pattern, like so:

    echo core >/proc/sys/kernel/core_pattern
[1;94m[*] [0mSetting up output directories...[0m
[1;94m[*] [0mScanning '/workspace/builds/libpng/gcc-O2/seeds'...[0m
[1;92m[+] [0mNo auto-generated dictionary tokens to reuse.[0m
[1;94m[*] [0mCreating hard links for all input files...[0m
[1;94m[*] [0mValidating target binary...[0m
[1;94m[*] [0mAttempting dry run with 'id:000000,orig:s1.png'...[0m
[1;94m[*] [0mSpinning up the fork server...[0m
[1;92m[+] [0mAll right - fork server is up.[0m
[1;90m    len = 8759, map size = 2082, exec speed = 1361 us
[0m[1;94m[*] [0mAttempting dry run with 'id:000001,orig:s2.png'...[0m
[1;90m    len = 2399, map size = 1273, exec speed = 636 us
[0m[1;94m[*] [0mAttempting dry run with 'id:000002,orig:s3.png'...[0m
[1;90m    len = 2069, map size = 1545, exec speed = 538 us
[0m[1;94m[*] [0mAttempting dry run with 'id:000003,orig:s4.png'...[0m
[1;90m    len = 100, map size = 350, exec speed = 360 us
[0m[1;94m[*] [0mAttempting dry run with 'id:000004,orig:s5.png'...[0m
[1;90m    len = 16, map size = 187, exec speed = 312 us
[0m[1;92m[+] [0mAll test cases processed.[0m

[1;92m[+] [0mHere are some useful stats:

[1;90m    Test case count : [0m5 favored, 0 variable, 5 total
[1;90m       Bitmap range : [0m187 to 2082 bits (average: 1087.40 bits)
[1;90m        Exec timing : [0m312 to 1361 us (average: 641 us)
[0m
[1;94m[*] [0mNo -t option specified, so I'll use exec timeout of 20 ms.[0m
[1;92m[+] [0mAll set and ready to roll![0m
[1;94m[*] [0mEntering queue cycle 1.[0m
[1;94m[*] [0mFuzzing test case #0 (5 total, 0 uniq crashes found)...[0m
[1;94m[*] [0mFuzzing test case #2 (1624 total, 0 uniq crashes found)...[0m
[1;94m[*] [0mFuzzing test case #5 (1642 total, 0 uniq crashes found)...[0m
[1;94m[*] [0mFuzzing test case #6 (1642 total, 0 uniq crashes found)...[0m
[1;94m[*] [0mFuzzing test case #8 (1642 total, 0 uniq crashes found)...[0m
[1;94m[*] [0mFuzzing test case #16 (1642 total, 0 uniq crashes found)...[0m
[1;94m[*] [0mFuzzing test case #17 (1667 total, 0 uniq crashes found)...[0m
[1;94m[*] [0mFuzzing test case #22 (1667 total, 0 uniq crashes found)...[0m
[1;94m[*] [0mFuzzing test case #29 (1667 total, 0 uniq crashes found)...[0m
[1;94m[*] [0mFuzzing test case #37 (1667 total, 0 uniq crashes found)...[0m
[?25h[1;91m

+++ Testing aborted by user +++
[0m
[1;93m[!] [0mStopped during the first cycle, results may be incomplete.
    (For info on resuming, see docs/README.)
[1;92m[+] [0mWe're done here. Have a nice day!
[0m
