nohup: ignoring input
DEBUG:qsym.afl:Temp directory=/tmp/tmplEt09i
DEBUG:qsym.afl:Run qsym: input=out/afl-slave/queue/id:000003,src:000000,op:havoc,rep:64,+cov
DEBUG:qsym.Executor:Executing timeout -k 5 90 /usr/local/lib/python2.7/dist-packages/qsym/../../../../third_party/pin-2.14-71313-gcc.4.4.7-linux/pin.sh -ifeellucky -t /usr/local/lib/python2.7/dist-packages/qsym/pintool/obj-intel64/libqsym.so -logfile /tmp/tmplEt09i/qsym-out-0/pin.log -i /workspace/toytest/out/qsym/.cur_input -s 1 -o /tmp/tmplEt09i/qsym-out-0 -l 1 -b out/qsym/bitmap -- ./toy_stdin
DEBUG:qsym.afl:Total=5 s, Emulation=5 s, Solver=0 s, Return=0
DEBUG:qsym.afl:Creating: out/qsym/queue/id:000000,src:id:000003
DEBUG:qsym.afl:Generate 1 testcases
DEBUG:qsym.afl:1 testcases are new
DEBUG:qsym.afl:Run qsym: input=out/afl-slave/queue/id:000002,src:000000,op:havoc,rep:8,+cov
DEBUG:qsym.Executor:Executing timeout -k 5 90 /usr/local/lib/python2.7/dist-packages/qsym/../../../../third_party/pin-2.14-71313-gcc.4.4.7-linux/pin.sh -ifeellucky -t /usr/local/lib/python2.7/dist-packages/qsym/pintool/obj-intel64/libqsym.so -logfile /tmp/tmplEt09i/qsym-out-1/pin.log -i /workspace/toytest/out/qsym/.cur_input -s 1 -o /tmp/tmplEt09i/qsym-out-1 -l 1 -b out/qsym/bitmap -- ./toy_stdin
DEBUG:qsym.afl:Total=2 s, Emulation=2 s, Solver=0 s, Return=0
DEBUG:qsym.afl:Creating: out/qsym/queue/id:000001,src:id:000002
DEBUG:qsym.afl:Generate 1 testcases
DEBUG:qsym.afl:1 testcases are new
DEBUG:qsym.afl:Run qsym: input=out/afl-slave/queue/id:000001,orig:seed
DEBUG:qsym.Executor:Executing timeout -k 5 90 /usr/local/lib/python2.7/dist-packages/qsym/../../../../third_party/pin-2.14-71313-gcc.4.4.7-linux/pin.sh -ifeellucky -t /usr/local/lib/python2.7/dist-packages/qsym/pintool/obj-intel64/libqsym.so -logfile /tmp/tmplEt09i/qsym-out-2/pin.log -i /workspace/toytest/out/qsym/.cur_input -s 1 -o /tmp/tmplEt09i/qsym-out-2 -l 1 -b out/qsym/bitmap -- ./toy_stdin
DEBUG:qsym.afl:Total=2 s, Emulation=2 s, Solver=0 s, Return=0
DEBUG:qsym.afl:Generate 0 testcases
DEBUG:qsym.afl:0 testcases are new
DEBUG:qsym.afl:Run qsym: input=out/afl-slave/queue/id:000000,orig:right_seed
DEBUG:qsym.Executor:Executing timeout -k 5 90 /usr/local/lib/python2.7/dist-packages/qsym/../../../../third_party/pin-2.14-71313-gcc.4.4.7-linux/pin.sh -ifeellucky -t /usr/local/lib/python2.7/dist-packages/qsym/pintool/obj-intel64/libqsym.so -logfile /tmp/tmplEt09i/qsym-out-3/pin.log -i /workspace/toytest/out/qsym/.cur_input -s 1 -o /tmp/tmplEt09i/qsym-out-3 -l 1 -b out/qsym/bitmap -- ./toy_stdin
DEBUG:qsym.afl:Total=4 s, Emulation=4 s, Solver=0 s, Return=0
DEBUG:qsym.afl:Creating: out/qsym/queue/id:000002,src:id:000000
DEBUG:qsym.afl:Generate 2 testcases
DEBUG:qsym.afl:1 testcases are new
DEBUG:qsym.afl:Sleep for getting files
DEBUG:qsym.afl:Sleep for getting files
DEBUG:qsym.afl:Sleep for getting files
DEBUG:qsym.afl:Sleep for getting files
DEBUG:qsym.afl:Sleep for getting files
DEBUG:qsym.afl:Sleep for getting files
DEBUG:qsym.afl:Sleep for getting files
DEBUG:qsym.afl:Sleep for getting files
DEBUG:qsym.afl:Sleep for getting files
DEBUG:qsym.afl:Sleep for getting files
DEBUG:qsym.afl:Sleep for getting files
DEBUG:qsym.afl:Sleep for getting files
DEBUG:qsym.afl:Sleep for getting files
DEBUG:qsym.afl:Sleep for getting files
DEBUG:qsym.afl:Sleep for getting files
DEBUG:qsym.afl:Sleep for getting files
DEBUG:qsym.afl:Sleep for getting files
DEBUG:qsym.afl:Sleep for getting files
DEBUG:qsym.afl:Sleep for getting files
DEBUG:qsym.afl:Sleep for getting files
DEBUG:qsym.afl:Sleep for getting files
DEBUG:qsym.afl:Sleep for getting files
DEBUG:qsym.afl:Sleep for getting files
DEBUG:qsym.afl:Sleep for getting files
DEBUG:qsym.afl:Sleep for getting files
DEBUG:qsym.afl:Sleep for getting files
DEBUG:qsym.afl:Sleep for getting files
DEBUG:qsym.afl:Sleep for getting files
DEBUG:qsym.afl:Sleep for getting files
DEBUG:qsym.afl:Sleep for getting files
DEBUG:qsym.afl:Sleep for getting files
DEBUG:qsym.afl:Sleep for getting files
DEBUG:qsym.afl:Sleep for getting files
DEBUG:qsym.afl:Sleep for getting files
DEBUG:qsym.afl:Sleep for getting files
DEBUG:qsym.afl:Sleep for getting files
DEBUG:qsym.afl:Sleep for getting files
DEBUG:qsym.afl:Sleep for getting files
DEBUG:qsym.afl:Sleep for getting files
DEBUG:qsym.afl:Sleep for getting files
DEBUG:qsym.afl:Sleep for getting files
DEBUG:qsym.afl:Sleep for getting files
DEBUG:qsym.afl:Sleep for getting files
DEBUG:qsym.afl:Sleep for getting files
DEBUG:qsym.afl:Sleep for getting files
DEBUG:qsym.afl:Sleep for getting files
DEBUG:qsym.afl:Sleep for getting files
DEBUG:qsym.afl:Sleep for getting files
DEBUG:qsym.afl:Sleep for getting files
DEBUG:qsym.afl:Sleep for getting files
DEBUG:qsym.afl:Sleep for getting files
DEBUG:qsym.afl:Sleep for getting files
DEBUG:qsym.afl:Sleep for getting files
DEBUG:qsym.afl:Sleep for getting files
DEBUG:qsym.afl:Sleep for getting files
DEBUG:qsym.afl:Sleep for getting files
DEBUG:qsym.afl:Sleep for getting files
DEBUG:qsym.afl:Sleep for getting files
DEBUG:qsym.afl:Sleep for getting files
DEBUG:qsym.afl:Sleep for getting files
DEBUG:qsym.afl:Sleep for getting files
DEBUG:qsym.afl:Sleep for getting files
DEBUG:qsym.afl:Sleep for getting files
DEBUG:qsym.afl:Sleep for getting files
DEBUG:qsym.afl:Sleep for getting files
DEBUG:qsym.afl:Sleep for getting files
DEBUG:qsym.afl:Sleep for getting files
